---
source: tests/account_api_test.rs
expression: res.text().await
---
"`Authorization` header is missing"

