---
source: tests/account_api_test.rs
expression: json_response
---
status: Success
payload:
  Success:
    jwt: "[jwt]"

