---
source: tests/account_api_test.rs
expression: res.text().await
---
"{\"status\":\"Error\",\"payload\":{\"Error\":{\"error_message\":\"Error account already exists for email: someone@example.com\"}}}"

