---
source: tests/account_api_test.rs
expression: res.text().await
---
"{\"status\":\"Error\",\"payload\":{\"Error\":{\"error_message\":\"Invalid email format a\"}}}"

