---
source: tests/email_api_test.rs
expression: res.text().await
---
"{\"status\":\"Error\",\"payload\":{\"Error\":{\"error_message\":\"Email verification limit exceeded (attempts: 5, limit: 4) for email: exceeds@example.com\"}}}"

