---
source: tests/guardian_api_test.rs
expression: json_response
---
status: Error
payload:
  Error:
    error_message: Nomination already rejected

