---
source: tests/guardian_api_test.rs
expression: json_response
---
status: Success
payload:
  Success:
    nominations:
      - id: "[uuid]"
        email: guardian@example.com
        guardian_id: "[uuid]"
        account_id: "[uuid]"
        status: PENDING

